******************************************************************************
                  TI ARM Linker PC v5.2.7                      
******************************************************************************
>> Linked Sun Apr 03 21:26:44 2016

OUTPUT FILE NAME:   <TIVA_Template.out>
ENTRY POINT SYMBOL: "_c_int00"  address: 00000691


MEMORY CONFIGURATION

         name            origin    length      used     unused   attr    fill
----------------------  --------  ---------  --------  --------  ----  --------
  FLASH                 00000000   00040000  000008d6  0003f72a  R  X
  SRAM                  20000000   00008000  00000214  00007dec  RW X


SEGMENT ALLOCATION MAP

run origin  load origin   length   init length attrs members
----------  ----------- ---------- ----------- ----- -------
00000000    00000000    000008d8   000008d8    r-x
  00000000    00000000    0000026c   0000026c    r-- .intvecs
  0000026c    0000026c    0000064a   0000064a    r-x .text
  000008b8    000008b8    00000020   00000020    r-- .cinit
20000000    20000000    00000214   00000000    rw-
  20000000    20000000    00000200   00000000    rw- .stack
  20000200    20000200    00000014   00000000    rw- .data


SECTION ALLOCATION MAP

 output                                  attributes/
section   page    origin      length       input sections
--------  ----  ----------  ----------   ----------------
.intvecs   0    00000000    0000026c     
                  00000000    0000026c     tm4c123gh6pm_startup_ccs.obj (.intvecs)

.text      0    0000026c    0000064a     
                  0000026c    000000f4     driverlib.lib : sysctl.obj (.text:SysCtlClockSet)
                  00000360    000000c8     main.obj (.text)
                  00000428    0000009c     rtsv7M4_T_le_v4SPD16_eabi.lib : memcpy_t2.obj (.text)
                  000004c4    0000007a     driverlib.lib : adc.obj (.text:ADCSequenceStepConfigure)
                  0000053e    0000007a     rtsv7M4_T_le_v4SPD16_eabi.lib : memset_t2.obj (.text)
                  000005b8    0000006c                                   : autoinit.obj (.text)
                  00000624    0000006a                                   : copy_decompress_rle.obj (.text)
                  0000068e    00000002     --HOLE-- [fill = 0]
                  00000690    00000050                                   : boot.obj (.text)
                  000006e0    0000004c                                   : cpy_tbl.obj (.text)
                  0000072c    00000044                                   : exit.obj (.text)
                  00000770    0000003e     driverlib.lib : adc.obj (.text:ADCSequenceConfigure)
                  000007ae    00000002     --HOLE-- [fill = 0]
                  000007b0    00000034                   : sysctl.obj (.text:SysCtlPeripheralEnable)
                  000007e4    0000002e                   : adc.obj (.text:ADCIntStatus)
                  00000812    0000001e                   : adc.obj (.text:ADCSequenceDataGet)
                  00000830    00000018                   : adc.obj (.text:ADCProcessorTrigger)
                  00000848    00000018     rtsv7M4_T_le_v4SPD16_eabi.lib : args_main.obj (.text)
                  00000860    00000014                                   : _lock.obj (.text)
                  00000874    0000000e     driverlib.lib : adc.obj (.text:ADCSequenceEnable)
                  00000882    0000000e     rtsv7M4_T_le_v4SPD16_eabi.lib : copy_decompress_none.obj (.text:decompress:none)
                  00000890    0000000c     tm4c123gh6pm_startup_ccs.obj (.text)
                  0000089c    0000000a     driverlib.lib : adc.obj (.text:ADCIntClear)
                  000008a6    00000006                   : sysctl.obj (.text:SysCtlDelay)
                  000008ac    00000006     rtsv7M4_T_le_v4SPD16_eabi.lib : copy_decompress_rle.obj (.text:decompress:rle24)
                  000008b2    00000004                                   : pre_init.obj (.text)

.cinit     0    000008b8    00000020     
                  000008b8    0000000f     (.cinit..data.load) [load image, compression = rle]
                  000008c7    00000001     --HOLE-- [fill = 0]
                  000008c8    00000008     (__TI_handler_table)
                  000008d0    00000008     (__TI_cinit_table)

.init_array 
*          0    00000000    00000000     UNINITIALIZED

.stack     0    20000000    00000200     UNINITIALIZED
                  20000000    00000200     --HOLE--

.data      0    20000200    00000014     UNINITIALIZED
                  20000200    00000008     rtsv7M4_T_le_v4SPD16_eabi.lib : _lock.obj (.data)
                  20000208    00000008                                   : exit.obj (.data)
                  20000210    00000004                                   : stkdepth_vars.obj (.data)

.TI.persistent 
*          0    20000200    00000000     UNINITIALIZED


LINKER GENERATED COPY TABLES

__TI_cinit_table @ 000008d0 records: 1, size/record: 8, table size: 8
	.data: load addr=000008b8, load size=0000000f bytes, run addr=20000200, run size=00000014 bytes, compression=rle


LINKER GENERATED HANDLER TABLE

__TI_handler_table @ 000008c8 records: 2, size/record: 4, table size: 8
	index: 0, handler: __TI_decompress_rle24
	index: 1, handler: __TI_decompress_none


GLOBAL SYMBOLS: SORTED ALPHABETICALLY BY Name 

address   name                    
-------   ----                    
0000089d  ADCIntClear             
000007e5  ADCIntStatus            
00000831  ADCProcessorTrigger     
00000771  ADCSequenceConfigure    
00000813  ADCSequenceDataGet      
00000875  ADCSequenceEnable       
000004c5  ADCSequenceStepConfigure
0000072d  C$$EXIT                 
00000891  ResetISR                
UNDEFED   SHT$$INIT_ARRAY$$Base   
UNDEFED   SHT$$INIT_ARRAY$$Limit  
0000026d  SysCtlClockSet          
000008a7  SysCtlDelay             
000007b1  SysCtlPeripheralEnable  
20000200  __STACK_END             
00000200  __STACK_SIZE            
20000200  __STACK_TOP             
000008d0  __TI_CINIT_Base         
000008d8  __TI_CINIT_Limit        
000008c8  __TI_Handler_Table_Base 
000008d0  __TI_Handler_Table_Limit
000005b9  __TI_auto_init          
20000208  __TI_cleanup_ptr        
00000883  __TI_decompress_none    
000008ad  __TI_decompress_rle24   
2000020c  __TI_dtors_ptr          
00000000  __TI_static_base__      
0000053f  __aeabi_memclr          
0000053f  __aeabi_memclr4         
0000053f  __aeabi_memclr8         
00000429  __aeabi_memcpy          
00000429  __aeabi_memcpy4         
00000429  __aeabi_memcpy8         
00000541  __aeabi_memset          
00000541  __aeabi_memset4         
00000541  __aeabi_memset8         
ffffffff  __binit__               
ffffffff  __c_args__              
20000000  __stack                 
00000849  _args_main              
00000691  _c_int00                
20000200  _lock                   
0000086f  _nop                    
00000867  _register_lock          
00000861  _register_unlock        
000008b3  _system_pre_init        
20000204  _unlock                 
00000731  abort                   
ffffffff  binit                   
000006e1  copy_in                 
00000739  exit                    
00000000  g_pfnVectors            
00000361  main                    
20000210  main_func_sp            
00000429  memcpy                  
00000547  memset                  


GLOBAL SYMBOLS: SORTED BY Symbol Address 

address   name                    
-------   ----                    
00000000  __TI_static_base__      
00000000  g_pfnVectors            
00000200  __STACK_SIZE            
0000026d  SysCtlClockSet          
00000361  main                    
00000429  __aeabi_memcpy          
00000429  __aeabi_memcpy4         
00000429  __aeabi_memcpy8         
00000429  memcpy                  
000004c5  ADCSequenceStepConfigure
0000053f  __aeabi_memclr          
0000053f  __aeabi_memclr4         
0000053f  __aeabi_memclr8         
00000541  __aeabi_memset          
00000541  __aeabi_memset4         
00000541  __aeabi_memset8         
00000547  memset                  
000005b9  __TI_auto_init          
00000691  _c_int00                
000006e1  copy_in                 
0000072d  C$$EXIT                 
00000731  abort                   
00000739  exit                    
00000771  ADCSequenceConfigure    
000007b1  SysCtlPeripheralEnable  
000007e5  ADCIntStatus            
00000813  ADCSequenceDataGet      
00000831  ADCProcessorTrigger     
00000849  _args_main              
00000861  _register_unlock        
00000867  _register_lock          
0000086f  _nop                    
00000875  ADCSequenceEnable       
00000883  __TI_decompress_none    
00000891  ResetISR                
0000089d  ADCIntClear             
000008a7  SysCtlDelay             
000008ad  __TI_decompress_rle24   
000008b3  _system_pre_init        
000008c8  __TI_Handler_Table_Base 
000008d0  __TI_CINIT_Base         
000008d0  __TI_Handler_Table_Limit
000008d8  __TI_CINIT_Limit        
20000000  __stack                 
20000200  __STACK_END             
20000200  __STACK_TOP             
20000200  _lock                   
20000204  _unlock                 
20000208  __TI_cleanup_ptr        
2000020c  __TI_dtors_ptr          
20000210  main_func_sp            
ffffffff  __binit__               
ffffffff  __c_args__              
ffffffff  binit                   
UNDEFED   SHT$$INIT_ARRAY$$Base   
UNDEFED   SHT$$INIT_ARRAY$$Limit  

[56 symbols]
