******************************************************************************
                  TI ARM Linker PC v5.2.7                      
******************************************************************************
>> Linked Mon Apr 04 00:53:44 2016

OUTPUT FILE NAME:   <TIVA_Template.out>
ENTRY POINT SYMBOL: "_c_int00"  address: 00000921


MEMORY CONFIGURATION

         name            origin    length      used     unused   attr    fill
----------------------  --------  ---------  --------  --------  ----  --------
  FLASH                 00000000   00040000  00000d9c  0003f264  R  X
  SRAM                  20000000   00008000  00000214  00007dec  RW X


SEGMENT ALLOCATION MAP

run origin  load origin   length   init length attrs members
----------  ----------- ---------- ----------- ----- -------
00000000    00000000    00000da0   00000da0    r-x
  00000000    00000000    0000026c   0000026c    r-- .intvecs
  0000026c    0000026c    000009a4   000009a4    r-x .text
  00000c10    00000c10    0000016c   0000016c    r-- .const
  00000d80    00000d80    00000020   00000020    r-- .cinit
20000000    20000000    00000214   00000000    rw-
  20000000    20000000    00000200   00000000    rw- .stack
  20000200    20000200    00000014   00000000    rw- .data


SECTION ALLOCATION MAP

 output                                  attributes/
section   page    origin      length       input sections
--------  ----  ----------  ----------   ----------------
.intvecs   0    00000000    0000026c     
                  00000000    0000026c     tm4c123gh6pm_startup_ccs.obj (.intvecs)

.text      0    0000026c    000009a4     
                  0000026c    00000132     driverlib.lib : gpio.obj (.text:GPIOPadConfigSet)
                  0000039e    00000002     --HOLE-- [fill = 0]
                  000003a0    00000124     main.obj (.text)
                  000004c4    00000110     driverlib.lib : sysctl.obj (.text:SysCtlClockGet)
                  000005d4    000000f4                   : sysctl.obj (.text:SysCtlClockSet)
                  000006c8    0000009c     rtsv7M4_T_le_v4SPD16_eabi.lib : memcpy_t2.obj (.text)
                  00000764    0000007a                                   : memset_t2.obj (.text)
                  000007de    00000002     --HOLE-- [fill = 0]
                  000007e0    0000006c                                   : autoinit.obj (.text)
                  0000084c    0000006a                                   : copy_decompress_rle.obj (.text)
                  000008b6    00000002     --HOLE-- [fill = 0]
                  000008b8    00000068     driverlib.lib : interrupt.obj (.text:IntEnable)
                  00000920    00000050     rtsv7M4_T_le_v4SPD16_eabi.lib : boot.obj (.text)
                  00000970    0000004c                                   : cpy_tbl.obj (.text)
                  000009bc    00000048     driverlib.lib : gpio.obj (.text:GPIOPinConfigure)
                  00000a04    00000046                   : uart.obj (.text:UARTConfigSetExpClk)
                  00000a4a    00000002     --HOLE-- [fill = 0]
                  00000a4c    00000044     rtsv7M4_T_le_v4SPD16_eabi.lib : exit.obj (.text)
                  00000a90    00000034     driverlib.lib : sysctl.obj (.text:SysCtlPeripheralEnable)
                  00000ac4    0000002a                   : gpio.obj (.text:GPIODirModeSet)
                  00000aee    00000002     --HOLE-- [fill = 0]
                  00000af0    00000020                   : uart.obj (.text:UARTDisable)
                  00000b10    00000018                   : gpio.obj (.text:GPIOPinTypeGPIOOutput)
                  00000b28    00000018     rtsv7M4_T_le_v4SPD16_eabi.lib : args_main.obj (.text)
                  00000b40    00000014     driverlib.lib : uart.obj (.text:UARTEnable)
                  00000b54    00000014     rtsv7M4_T_le_v4SPD16_eabi.lib : _lock.obj (.text)
                  00000b68    00000012     driverlib.lib : gpio.obj (.text:GPIOPinTypeUART)
                  00000b7a    00000010                   : interrupt.obj (.text:IntMasterEnable)
                  00000b8a    0000000e                   : uart.obj (.text:UARTCharGetNonBlocking)
                  00000b98    0000000e                   : uart.obj (.text:UARTCharPutNonBlocking)
                  00000ba6    0000000e                   : uart.obj (.text:UARTCharsAvail)
                  00000bb4    0000000e     rtsv7M4_T_le_v4SPD16_eabi.lib : copy_decompress_none.obj (.text:decompress:none)
                  00000bc2    0000000c     driverlib.lib : cpu.obj (.text:CPUcpsie)
                  00000bce    0000000c     tm4c123gh6pm_startup_ccs.obj (.text)
                  00000bda    0000000a     driverlib.lib : uart.obj (.text:UARTCharPut)
                  00000be4    0000000a                   : uart.obj (.text:UARTIntStatus)
                  00000bee    00000008                   : uart.obj (.text:UARTIntEnable)
                  00000bf6    00000006                   : gpio.obj (.text:GPIOPinWrite)
                  00000bfc    00000006                   : sysctl.obj (.text:SysCtlDelay)
                  00000c02    00000006     rtsv7M4_T_le_v4SPD16_eabi.lib : copy_decompress_rle.obj (.text:decompress:rle24)
                  00000c08    00000004     driverlib.lib : uart.obj (.text:UARTIntClear)
                  00000c0c    00000004     rtsv7M4_T_le_v4SPD16_eabi.lib : pre_init.obj (.text)

.const     0    00000c10    0000016c     
                  00000c10    00000090     driverlib.lib : gpio.obj (.const:g_pui32GPIOBaseAddrs)
                  00000ca0    00000070                   : interrupt.obj (.const)
                  00000d10    0000006c                   : sysctl.obj (.const:g_pui32Xtals)

.cinit     0    00000d80    00000020     
                  00000d80    0000000f     (.cinit..data.load) [load image, compression = rle]
                  00000d8f    00000001     --HOLE-- [fill = 0]
                  00000d90    00000008     (__TI_handler_table)
                  00000d98    00000008     (__TI_cinit_table)

.init_array 
*          0    00000000    00000000     UNINITIALIZED

.stack     0    20000000    00000200     UNINITIALIZED
                  20000000    00000200     --HOLE--

.data      0    20000200    00000014     UNINITIALIZED
                  20000200    00000008     rtsv7M4_T_le_v4SPD16_eabi.lib : _lock.obj (.data)
                  20000208    00000008                                   : exit.obj (.data)
                  20000210    00000004                                   : stkdepth_vars.obj (.data)

.TI.persistent 
*          0    20000200    00000000     UNINITIALIZED


LINKER GENERATED COPY TABLES

__TI_cinit_table @ 00000d98 records: 1, size/record: 8, table size: 8
	.data: load addr=00000d80, load size=0000000f bytes, run addr=20000200, run size=00000014 bytes, compression=rle


LINKER GENERATED HANDLER TABLE

__TI_handler_table @ 00000d90 records: 2, size/record: 4, table size: 8
	index: 0, handler: __TI_decompress_rle24
	index: 1, handler: __TI_decompress_none


GLOBAL SYMBOLS: SORTED ALPHABETICALLY BY Name 

address   name                    
-------   ----                    
00000a4d  C$$EXIT                 
00000bc3  CPUcpsie                
00000ac5  GPIODirModeSet          
0000026d  GPIOPadConfigSet        
000009bd  GPIOPinConfigure        
00000b11  GPIOPinTypeGPIOOutput   
00000b69  GPIOPinTypeUART         
00000bf7  GPIOPinWrite            
000008b9  IntEnable               
00000b7b  IntMasterEnable         
00000bcf  ResetISR                
UNDEFED   SHT$$INIT_ARRAY$$Base   
UNDEFED   SHT$$INIT_ARRAY$$Limit  
000004c5  SysCtlClockGet          
000005d5  SysCtlClockSet          
00000bfd  SysCtlDelay             
00000a91  SysCtlPeripheralEnable  
00000b8b  UARTCharGetNonBlocking  
00000bdb  UARTCharPut             
00000b99  UARTCharPutNonBlocking  
00000ba7  UARTCharsAvail          
00000a05  UARTConfigSetExpClk     
00000af1  UARTDisable             
00000b41  UARTEnable              
00000459  UARTINtHandler          
00000c09  UARTIntClear            
00000bef  UARTIntEnable           
00000be5  UARTIntStatus           
20000200  __STACK_END             
00000200  __STACK_SIZE            
20000200  __STACK_TOP             
00000d98  __TI_CINIT_Base         
00000da0  __TI_CINIT_Limit        
00000d90  __TI_Handler_Table_Base 
00000d98  __TI_Handler_Table_Limit
000007e1  __TI_auto_init          
20000208  __TI_cleanup_ptr        
00000bb5  __TI_decompress_none    
00000c03  __TI_decompress_rle24   
2000020c  __TI_dtors_ptr          
00000000  __TI_static_base__      
00000765  __aeabi_memclr          
00000765  __aeabi_memclr4         
00000765  __aeabi_memclr8         
000006c9  __aeabi_memcpy          
000006c9  __aeabi_memcpy4         
000006c9  __aeabi_memcpy8         
00000767  __aeabi_memset          
00000767  __aeabi_memset4         
00000767  __aeabi_memset8         
ffffffff  __binit__               
ffffffff  __c_args__              
20000000  __stack                 
00000b29  _args_main              
00000921  _c_int00                
20000200  _lock                   
00000b63  _nop                    
00000b5b  _register_lock          
00000b55  _register_unlock        
00000c0d  _system_pre_init        
20000204  _unlock                 
00000a51  abort                   
ffffffff  binit                   
00000971  copy_in                 
00000a59  exit                    
00000000  g_pfnVectors            
000003a1  main                    
20000210  main_func_sp            
000006c9  memcpy                  
0000076d  memset                  


GLOBAL SYMBOLS: SORTED BY Symbol Address 

address   name                    
-------   ----                    
00000000  __TI_static_base__      
00000000  g_pfnVectors            
00000200  __STACK_SIZE            
0000026d  GPIOPadConfigSet        
000003a1  main                    
00000459  UARTINtHandler          
000004c5  SysCtlClockGet          
000005d5  SysCtlClockSet          
000006c9  __aeabi_memcpy          
000006c9  __aeabi_memcpy4         
000006c9  __aeabi_memcpy8         
000006c9  memcpy                  
00000765  __aeabi_memclr          
00000765  __aeabi_memclr4         
00000765  __aeabi_memclr8         
00000767  __aeabi_memset          
00000767  __aeabi_memset4         
00000767  __aeabi_memset8         
0000076d  memset                  
000007e1  __TI_auto_init          
000008b9  IntEnable               
00000921  _c_int00                
00000971  copy_in                 
000009bd  GPIOPinConfigure        
00000a05  UARTConfigSetExpClk     
00000a4d  C$$EXIT                 
00000a51  abort                   
00000a59  exit                    
00000a91  SysCtlPeripheralEnable  
00000ac5  GPIODirModeSet          
00000af1  UARTDisable             
00000b11  GPIOPinTypeGPIOOutput   
00000b29  _args_main              
00000b41  UARTEnable              
00000b55  _register_unlock        
00000b5b  _register_lock          
00000b63  _nop                    
00000b69  GPIOPinTypeUART         
00000b7b  IntMasterEnable         
00000b8b  UARTCharGetNonBlocking  
00000b99  UARTCharPutNonBlocking  
00000ba7  UARTCharsAvail          
00000bb5  __TI_decompress_none    
00000bc3  CPUcpsie                
00000bcf  ResetISR                
00000bdb  UARTCharPut             
00000be5  UARTIntStatus           
00000bef  UARTIntEnable           
00000bf7  GPIOPinWrite            
00000bfd  SysCtlDelay             
00000c03  __TI_decompress_rle24   
00000c09  UARTIntClear            
00000c0d  _system_pre_init        
00000d90  __TI_Handler_Table_Base 
00000d98  __TI_CINIT_Base         
00000d98  __TI_Handler_Table_Limit
00000da0  __TI_CINIT_Limit        
20000000  __stack                 
20000200  __STACK_END             
20000200  __STACK_TOP             
20000200  _lock                   
20000204  _unlock                 
20000208  __TI_cleanup_ptr        
2000020c  __TI_dtors_ptr          
20000210  main_func_sp            
ffffffff  __binit__               
ffffffff  __c_args__              
ffffffff  binit                   
UNDEFED   SHT$$INIT_ARRAY$$Base   
UNDEFED   SHT$$INIT_ARRAY$$Limit  

[70 symbols]
