******************************************************************************
                  TI ARM Linker PC v5.2.7                      
******************************************************************************
>> Linked Sun Apr 03 23:30:53 2016

OUTPUT FILE NAME:   <TIVA_Template.out>
ENTRY POINT SYMBOL: "_c_int00"  address: 000008f9


MEMORY CONFIGURATION

         name            origin    length      used     unused   attr    fill
----------------------  --------  ---------  --------  --------  ----  --------
  FLASH                 00000000   00040000  00000bf6  0003f40a  R  X
  SRAM                  20000000   00008000  00000214  00007dec  RW X


SEGMENT ALLOCATION MAP

run origin  load origin   length   init length attrs members
----------  ----------- ---------- ----------- ----- -------
00000000    00000000    00000bf8   00000bf8    r-x
  00000000    00000000    0000026c   0000026c    r-- .intvecs
  0000026c    0000026c    0000088e   0000088e    r-x .text
  00000afc    00000afc    000000dc   000000dc    r-- .const
  00000bd8    00000bd8    00000020   00000020    r-- .cinit
20000000    20000000    00000214   00000000    rw-
  20000000    20000000    00000200   00000000    rw- .stack
  20000200    20000200    00000014   00000000    rw- .data


SECTION ALLOCATION MAP

 output                                  attributes/
section   page    origin      length       input sections
--------  ----  ----------  ----------   ----------------
.intvecs   0    00000000    0000026c     
                  00000000    0000026c     tm4c123gh6pm_startup_ccs.obj (.intvecs)

.text      0    0000026c    0000088e     
                  0000026c    00000132     driverlib.lib : gpio.obj (.text:GPIOPadConfigSet)
                  0000039e    00000002     --HOLE-- [fill = 0]
                  000003a0    00000110                   : sysctl.obj (.text:SysCtlClockGet)
                  000004b0    000000f4                   : sysctl.obj (.text:SysCtlClockSet)
                  000005a4    0000009c     main.obj (.text)
                  00000640    0000009c     rtsv7M4_T_le_v4SPD16_eabi.lib : memcpy_t2.obj (.text)
                  000006dc    0000007a                                   : memset_t2.obj (.text)
                  00000756    00000002     --HOLE-- [fill = 0]
                  00000758    0000006c                                   : autoinit.obj (.text)
                  000007c4    0000006a                                   : copy_decompress_rle.obj (.text)
                  0000082e    00000002     --HOLE-- [fill = 0]
                  00000830    00000068     driverlib.lib : interrupt.obj (.text:IntEnable)
                  00000898    00000060                   : timer.obj (.text:TimerConfigure)
                  000008f8    00000050     rtsv7M4_T_le_v4SPD16_eabi.lib : boot.obj (.text)
                  00000948    0000004c                                   : cpy_tbl.obj (.text)
                  00000994    00000044                                   : exit.obj (.text)
                  000009d8    00000034     driverlib.lib : sysctl.obj (.text:SysCtlPeripheralEnable)
                  00000a0c    0000002a                   : gpio.obj (.text:GPIODirModeSet)
                  00000a36    00000018                   : gpio.obj (.text:GPIOPinTypeGPIOOutput)
                  00000a4e    00000002     --HOLE-- [fill = 0]
                  00000a50    00000018     rtsv7M4_T_le_v4SPD16_eabi.lib : args_main.obj (.text)
                  00000a68    00000014                                   : _lock.obj (.text)
                  00000a7c    00000012     driverlib.lib : timer.obj (.text:TimerLoadSet)
                  00000a8e    00000010                   : interrupt.obj (.text:IntMasterEnable)
                  00000a9e    0000000e                   : timer.obj (.text:TimerEnable)
                  00000aac    0000000e     rtsv7M4_T_le_v4SPD16_eabi.lib : copy_decompress_none.obj (.text:decompress:none)
                  00000aba    0000000c     driverlib.lib : cpu.obj (.text:CPUcpsie)
                  00000ac6    0000000c     tm4c123gh6pm_startup_ccs.obj (.text)
                  00000ad2    00000008     driverlib.lib : timer.obj (.text:TimerIntEnable)
                  00000ada    00000006                   : gpio.obj (.text:GPIOPinRead)
                  00000ae0    00000006                   : gpio.obj (.text:GPIOPinWrite)
                  00000ae6    00000006                   : sysctl.obj (.text:SysCtlDelay)
                  00000aec    00000006     rtsv7M4_T_le_v4SPD16_eabi.lib : copy_decompress_rle.obj (.text:decompress:rle24)
                  00000af2    00000004     driverlib.lib : timer.obj (.text:TimerIntClear)
                  00000af6    00000004     rtsv7M4_T_le_v4SPD16_eabi.lib : pre_init.obj (.text)

.const     0    00000afc    000000dc     
                  00000afc    00000070     driverlib.lib : interrupt.obj (.const)
                  00000b6c    0000006c                   : sysctl.obj (.const:g_pui32Xtals)

.cinit     0    00000bd8    00000020     
                  00000bd8    0000000f     (.cinit..data.load) [load image, compression = rle]
                  00000be7    00000001     --HOLE-- [fill = 0]
                  00000be8    00000008     (__TI_handler_table)
                  00000bf0    00000008     (__TI_cinit_table)

.init_array 
*          0    00000000    00000000     UNINITIALIZED

.stack     0    20000000    00000200     UNINITIALIZED
                  20000000    00000200     --HOLE--

.data      0    20000200    00000014     UNINITIALIZED
                  20000200    00000008     rtsv7M4_T_le_v4SPD16_eabi.lib : _lock.obj (.data)
                  20000208    00000008                                   : exit.obj (.data)
                  20000210    00000004                                   : stkdepth_vars.obj (.data)

.TI.persistent 
*          0    20000200    00000000     UNINITIALIZED


LINKER GENERATED COPY TABLES

__TI_cinit_table @ 00000bf0 records: 1, size/record: 8, table size: 8
	.data: load addr=00000bd8, load size=0000000f bytes, run addr=20000200, run size=00000014 bytes, compression=rle


LINKER GENERATED HANDLER TABLE

__TI_handler_table @ 00000be8 records: 2, size/record: 4, table size: 8
	index: 0, handler: __TI_decompress_rle24
	index: 1, handler: __TI_decompress_none


GLOBAL SYMBOLS: SORTED ALPHABETICALLY BY Name 

address   name                    
-------   ----                    
00000995  C$$EXIT                 
00000abb  CPUcpsie                
00000a0d  GPIODirModeSet          
0000026d  GPIOPadConfigSet        
00000adb  GPIOPinRead             
00000a37  GPIOPinTypeGPIOOutput   
00000ae1  GPIOPinWrite            
00000831  IntEnable               
00000a8f  IntMasterEnable         
00000ac7  ResetISR                
UNDEFED   SHT$$INIT_ARRAY$$Base   
UNDEFED   SHT$$INIT_ARRAY$$Limit  
000003a1  SysCtlClockGet          
000004b1  SysCtlClockSet          
00000ae7  SysCtlDelay             
000009d9  SysCtlPeripheralEnable  
000005ff  Timer0IntHandler        
00000899  TimerConfigure          
00000a9f  TimerEnable             
00000af3  TimerIntClear           
00000ad3  TimerIntEnable          
00000a7d  TimerLoadSet            
20000200  __STACK_END             
00000200  __STACK_SIZE            
20000200  __STACK_TOP             
00000bf0  __TI_CINIT_Base         
00000bf8  __TI_CINIT_Limit        
00000be8  __TI_Handler_Table_Base 
00000bf0  __TI_Handler_Table_Limit
00000759  __TI_auto_init          
20000208  __TI_cleanup_ptr        
00000aad  __TI_decompress_none    
00000aed  __TI_decompress_rle24   
2000020c  __TI_dtors_ptr          
00000000  __TI_static_base__      
000006dd  __aeabi_memclr          
000006dd  __aeabi_memclr4         
000006dd  __aeabi_memclr8         
00000641  __aeabi_memcpy          
00000641  __aeabi_memcpy4         
00000641  __aeabi_memcpy8         
000006df  __aeabi_memset          
000006df  __aeabi_memset4         
000006df  __aeabi_memset8         
ffffffff  __binit__               
ffffffff  __c_args__              
20000000  __stack                 
00000a51  _args_main              
000008f9  _c_int00                
20000200  _lock                   
00000a77  _nop                    
00000a6f  _register_lock          
00000a69  _register_unlock        
00000af7  _system_pre_init        
20000204  _unlock                 
00000999  abort                   
ffffffff  binit                   
00000949  copy_in                 
000009a1  exit                    
00000000  g_pfnVectors            
000005a5  main                    
20000210  main_func_sp            
00000641  memcpy                  
000006e5  memset                  


GLOBAL SYMBOLS: SORTED BY Symbol Address 

address   name                    
-------   ----                    
00000000  __TI_static_base__      
00000000  g_pfnVectors            
00000200  __STACK_SIZE            
0000026d  GPIOPadConfigSet        
000003a1  SysCtlClockGet          
000004b1  SysCtlClockSet          
000005a5  main                    
000005ff  Timer0IntHandler        
00000641  __aeabi_memcpy          
00000641  __aeabi_memcpy4         
00000641  __aeabi_memcpy8         
00000641  memcpy                  
000006dd  __aeabi_memclr          
000006dd  __aeabi_memclr4         
000006dd  __aeabi_memclr8         
000006df  __aeabi_memset          
000006df  __aeabi_memset4         
000006df  __aeabi_memset8         
000006e5  memset                  
00000759  __TI_auto_init          
00000831  IntEnable               
00000899  TimerConfigure          
000008f9  _c_int00                
00000949  copy_in                 
00000995  C$$EXIT                 
00000999  abort                   
000009a1  exit                    
000009d9  SysCtlPeripheralEnable  
00000a0d  GPIODirModeSet          
00000a37  GPIOPinTypeGPIOOutput   
00000a51  _args_main              
00000a69  _register_unlock        
00000a6f  _register_lock          
00000a77  _nop                    
00000a7d  TimerLoadSet            
00000a8f  IntMasterEnable         
00000a9f  TimerEnable             
00000aad  __TI_decompress_none    
00000abb  CPUcpsie                
00000ac7  ResetISR                
00000ad3  TimerIntEnable          
00000adb  GPIOPinRead             
00000ae1  GPIOPinWrite            
00000ae7  SysCtlDelay             
00000aed  __TI_decompress_rle24   
00000af3  TimerIntClear           
00000af7  _system_pre_init        
00000be8  __TI_Handler_Table_Base 
00000bf0  __TI_CINIT_Base         
00000bf0  __TI_Handler_Table_Limit
00000bf8  __TI_CINIT_Limit        
20000000  __stack                 
20000200  __STACK_END             
20000200  __STACK_TOP             
20000200  _lock                   
20000204  _unlock                 
20000208  __TI_cleanup_ptr        
2000020c  __TI_dtors_ptr          
20000210  main_func_sp            
ffffffff  __binit__               
ffffffff  __c_args__              
ffffffff  binit                   
UNDEFED   SHT$$INIT_ARRAY$$Base   
UNDEFED   SHT$$INIT_ARRAY$$Limit  

[64 symbols]
