******************************************************************************
                  TI ARM Linker PC v5.2.7                      
******************************************************************************
>> Linked Sun Apr 03 12:48:17 2016

OUTPUT FILE NAME:   <TIVA_Template.out>
ENTRY POINT SYMBOL: "_c_int00"  address: 00000685


MEMORY CONFIGURATION

         name            origin    length      used     unused   attr    fill
----------------------  --------  ---------  --------  --------  ----  --------
  FLASH                 00000000   00040000  000008a0  0003f760  R  X
  SRAM                  20000000   00008000  00000214  00007dec  RW X


SEGMENT ALLOCATION MAP

run origin  load origin   length   init length attrs members
----------  ----------- ---------- ----------- ----- -------
00000000    00000000    000008a0   000008a0    r-x
  00000000    00000000    0000026c   0000026c    r-- .intvecs
  0000026c    0000026c    00000614   00000614    r-x .text
  00000880    00000880    00000020   00000020    r-- .cinit
20000000    20000000    00000214   00000000    rw-
  20000000    20000000    00000200   00000000    rw- .stack
  20000200    20000200    00000014   00000000    rw- .data


SECTION ALLOCATION MAP

 output                                  attributes/
section   page    origin      length       input sections
--------  ----  ----------  ----------   ----------------
.intvecs   0    00000000    0000026c     
                  00000000    0000026c     tm4c123gh6pm_startup_ccs.obj (.intvecs)

.text      0    0000026c    00000614     
                  0000026c    00000132     driverlib.lib : gpio.obj (.text:GPIOPadConfigSet)
                  0000039e    00000002     --HOLE-- [fill = 0]
                  000003a0    000000f4                   : sysctl.obj (.text:SysCtlClockSet)
                  00000494    0000009c     rtsv7M4_T_le_v4SPD16_eabi.lib : memcpy_t2.obj (.text)
                  00000530    0000007a                                   : memset_t2.obj (.text)
                  000005aa    00000002     --HOLE-- [fill = 0]
                  000005ac    0000006c                                   : autoinit.obj (.text)
                  00000618    0000006a                                   : copy_decompress_rle.obj (.text)
                  00000682    00000002     --HOLE-- [fill = 0]
                  00000684    00000050                                   : boot.obj (.text)
                  000006d4    0000004c                                   : cpy_tbl.obj (.text)
                  00000720    00000048     main.obj (.text)
                  00000768    00000044     rtsv7M4_T_le_v4SPD16_eabi.lib : exit.obj (.text)
                  000007ac    00000034     driverlib.lib : sysctl.obj (.text:SysCtlPeripheralEnable)
                  000007e0    0000002a                   : gpio.obj (.text:GPIODirModeSet)
                  0000080a    00000018                   : gpio.obj (.text:GPIOPinTypeGPIOOutput)
                  00000822    00000002     --HOLE-- [fill = 0]
                  00000824    00000018     rtsv7M4_T_le_v4SPD16_eabi.lib : args_main.obj (.text)
                  0000083c    00000014                                   : _lock.obj (.text)
                  00000850    0000000e                                   : copy_decompress_none.obj (.text:decompress:none)
                  0000085e    0000000c     tm4c123gh6pm_startup_ccs.obj (.text)
                  0000086a    00000006     driverlib.lib : gpio.obj (.text:GPIOPinWrite)
                  00000870    00000006                   : sysctl.obj (.text:SysCtlDelay)
                  00000876    00000006     rtsv7M4_T_le_v4SPD16_eabi.lib : copy_decompress_rle.obj (.text:decompress:rle24)
                  0000087c    00000004                                   : pre_init.obj (.text)

.cinit     0    00000880    00000020     
                  00000880    0000000f     (.cinit..data.load) [load image, compression = rle]
                  0000088f    00000001     --HOLE-- [fill = 0]
                  00000890    00000008     (__TI_handler_table)
                  00000898    00000008     (__TI_cinit_table)

.init_array 
*          0    00000000    00000000     UNINITIALIZED

.stack     0    20000000    00000200     UNINITIALIZED
                  20000000    00000200     --HOLE--

.data      0    20000200    00000014     UNINITIALIZED
                  20000200    00000008     rtsv7M4_T_le_v4SPD16_eabi.lib : _lock.obj (.data)
                  20000208    00000008                                   : exit.obj (.data)
                  20000210    00000004                                   : stkdepth_vars.obj (.data)

.TI.persistent 
*          0    20000200    00000000     UNINITIALIZED


LINKER GENERATED COPY TABLES

__TI_cinit_table @ 00000898 records: 1, size/record: 8, table size: 8
	.data: load addr=00000880, load size=0000000f bytes, run addr=20000200, run size=00000014 bytes, compression=rle


LINKER GENERATED HANDLER TABLE

__TI_handler_table @ 00000890 records: 2, size/record: 4, table size: 8
	index: 0, handler: __TI_decompress_rle24
	index: 1, handler: __TI_decompress_none


GLOBAL SYMBOLS: SORTED ALPHABETICALLY BY Name 

address   name                    
-------   ----                    
00000769  C$$EXIT                 
000007e1  GPIODirModeSet          
0000026d  GPIOPadConfigSet        
0000080b  GPIOPinTypeGPIOOutput   
0000086b  GPIOPinWrite            
0000085f  ResetISR                
UNDEFED   SHT$$INIT_ARRAY$$Base   
UNDEFED   SHT$$INIT_ARRAY$$Limit  
000003a1  SysCtlClockSet          
00000871  SysCtlDelay             
000007ad  SysCtlPeripheralEnable  
20000200  __STACK_END             
00000200  __STACK_SIZE            
20000200  __STACK_TOP             
00000898  __TI_CINIT_Base         
000008a0  __TI_CINIT_Limit        
00000890  __TI_Handler_Table_Base 
00000898  __TI_Handler_Table_Limit
000005ad  __TI_auto_init          
20000208  __TI_cleanup_ptr        
00000851  __TI_decompress_none    
00000877  __TI_decompress_rle24   
2000020c  __TI_dtors_ptr          
00000000  __TI_static_base__      
00000531  __aeabi_memclr          
00000531  __aeabi_memclr4         
00000531  __aeabi_memclr8         
00000495  __aeabi_memcpy          
00000495  __aeabi_memcpy4         
00000495  __aeabi_memcpy8         
00000533  __aeabi_memset          
00000533  __aeabi_memset4         
00000533  __aeabi_memset8         
ffffffff  __binit__               
ffffffff  __c_args__              
20000000  __stack                 
00000825  _args_main              
00000685  _c_int00                
20000200  _lock                   
0000084b  _nop                    
00000843  _register_lock          
0000083d  _register_unlock        
0000087d  _system_pre_init        
20000204  _unlock                 
0000076d  abort                   
ffffffff  binit                   
000006d5  copy_in                 
00000775  exit                    
00000000  g_pfnVectors            
00000721  main                    
20000210  main_func_sp            
00000495  memcpy                  
00000539  memset                  


GLOBAL SYMBOLS: SORTED BY Symbol Address 

address   name                    
-------   ----                    
00000000  __TI_static_base__      
00000000  g_pfnVectors            
00000200  __STACK_SIZE            
0000026d  GPIOPadConfigSet        
000003a1  SysCtlClockSet          
00000495  __aeabi_memcpy          
00000495  __aeabi_memcpy4         
00000495  __aeabi_memcpy8         
00000495  memcpy                  
00000531  __aeabi_memclr          
00000531  __aeabi_memclr4         
00000531  __aeabi_memclr8         
00000533  __aeabi_memset          
00000533  __aeabi_memset4         
00000533  __aeabi_memset8         
00000539  memset                  
000005ad  __TI_auto_init          
00000685  _c_int00                
000006d5  copy_in                 
00000721  main                    
00000769  C$$EXIT                 
0000076d  abort                   
00000775  exit                    
000007ad  SysCtlPeripheralEnable  
000007e1  GPIODirModeSet          
0000080b  GPIOPinTypeGPIOOutput   
00000825  _args_main              
0000083d  _register_unlock        
00000843  _register_lock          
0000084b  _nop                    
00000851  __TI_decompress_none    
0000085f  ResetISR                
0000086b  GPIOPinWrite            
00000871  SysCtlDelay             
00000877  __TI_decompress_rle24   
0000087d  _system_pre_init        
00000890  __TI_Handler_Table_Base 
00000898  __TI_CINIT_Base         
00000898  __TI_Handler_Table_Limit
000008a0  __TI_CINIT_Limit        
20000000  __stack                 
20000200  __STACK_END             
20000200  __STACK_TOP             
20000200  _lock                   
20000204  _unlock                 
20000208  __TI_cleanup_ptr        
2000020c  __TI_dtors_ptr          
20000210  main_func_sp            
ffffffff  __binit__               
ffffffff  __c_args__              
ffffffff  binit                   
UNDEFED   SHT$$INIT_ARRAY$$Base   
UNDEFED   SHT$$INIT_ARRAY$$Limit  

[53 symbols]
