******************************************************************************
                  TI ARM Linker PC v5.2.7                      
******************************************************************************
>> Linked Mon Apr 04 01:43:05 2016

OUTPUT FILE NAME:   <TIVA_Template.out>
ENTRY POINT SYMBOL: "_c_int00"  address: 00000729


MEMORY CONFIGURATION

         name            origin    length      used     unused   attr    fill
----------------------  --------  ---------  --------  --------  ----  --------
  FLASH                 00000000   00040000  00000918  0003f6e8  R  X
  SRAM                  20000000   00008000  00000214  00007dec  RW X


SEGMENT ALLOCATION MAP

run origin  load origin   length   init length attrs members
----------  ----------- ---------- ----------- ----- -------
00000000    00000000    00000918   00000918    r-x
  00000000    00000000    0000026c   0000026c    r-- .intvecs
  0000026c    0000026c    00000620   00000620    r-x .text
  0000088c    0000088c    0000006c   0000006c    r-- .const
  000008f8    000008f8    00000020   00000020    r-- .cinit
20000000    20000000    00000214   00000000    rw-
  20000000    20000000    00000200   00000000    rw- .stack
  20000200    20000200    00000014   00000000    rw- .data


SECTION ALLOCATION MAP

 output                                  attributes/
section   page    origin      length       input sections
--------  ----  ----------  ----------   ----------------
.intvecs   0    00000000    0000026c     
                  00000000    0000026c     tm4c123gh6pm_startup_ccs.obj (.intvecs)

.text      0    0000026c    00000620     
                  0000026c    000001bc     main.obj (.text)
                  00000428    00000110     driverlib.lib : sysctl.obj (.text:SysCtlClockGet)
                  00000538    0000009c     rtsv7M4_T_le_v4SPD16_eabi.lib : memcpy_t2.obj (.text)
                  000005d4    0000007a                                   : memset_t2.obj (.text)
                  0000064e    00000002     --HOLE-- [fill = 0]
                  00000650    0000006c                                   : autoinit.obj (.text)
                  000006bc    0000006a                                   : copy_decompress_rle.obj (.text)
                  00000726    00000002     --HOLE-- [fill = 0]
                  00000728    00000050                                   : boot.obj (.text)
                  00000778    0000004c                                   : cpy_tbl.obj (.text)
                  000007c4    00000044                                   : exit.obj (.text)
                  00000808    00000022     driverlib.lib : pwm.obj (.text:PWMGenConfigure)
                  0000082a    00000002     --HOLE-- [fill = 0]
                  0000082c    00000018     rtsv7M4_T_le_v4SPD16_eabi.lib : args_main.obj (.text)
                  00000844    00000014                                   : _lock.obj (.text)
                  00000858    00000010     driverlib.lib : pwm.obj (.text:PWMGenPeriodSet)
                  00000868    0000000e     rtsv7M4_T_le_v4SPD16_eabi.lib : copy_decompress_none.obj (.text:decompress:none)
                  00000876    0000000c     tm4c123gh6pm_startup_ccs.obj (.text)
                  00000882    00000006     rtsv7M4_T_le_v4SPD16_eabi.lib : copy_decompress_rle.obj (.text:decompress:rle24)
                  00000888    00000004                                   : pre_init.obj (.text)

.const     0    0000088c    0000006c     
                  0000088c    0000006c     driverlib.lib : sysctl.obj (.const:g_pui32Xtals)

.cinit     0    000008f8    00000020     
                  000008f8    0000000f     (.cinit..data.load) [load image, compression = rle]
                  00000907    00000001     --HOLE-- [fill = 0]
                  00000908    00000008     (__TI_handler_table)
                  00000910    00000008     (__TI_cinit_table)

.init_array 
*          0    00000000    00000000     UNINITIALIZED

.stack     0    20000000    00000200     UNINITIALIZED
                  20000000    00000200     --HOLE--

.data      0    20000200    00000014     UNINITIALIZED
                  20000200    00000008     rtsv7M4_T_le_v4SPD16_eabi.lib : _lock.obj (.data)
                  20000208    00000008                                   : exit.obj (.data)
                  20000210    00000004                                   : stkdepth_vars.obj (.data)

.TI.persistent 
*          0    20000200    00000000     UNINITIALIZED


LINKER GENERATED COPY TABLES

__TI_cinit_table @ 00000910 records: 1, size/record: 8, table size: 8
	.data: load addr=000008f8, load size=0000000f bytes, run addr=20000200, run size=00000014 bytes, compression=rle


LINKER GENERATED HANDLER TABLE

__TI_handler_table @ 00000908 records: 2, size/record: 4, table size: 8
	index: 0, handler: __TI_decompress_rle24
	index: 1, handler: __TI_decompress_none


GLOBAL SYMBOLS: SORTED ALPHABETICALLY BY Name 

address   name                    
-------   ----                    
000007c5  C$$EXIT                 
00000809  PWMGenConfigure         
00000859  PWMGenPeriodSet         
00000877  ResetISR                
UNDEFED   SHT$$INIT_ARRAY$$Base   
UNDEFED   SHT$$INIT_ARRAY$$Limit  
00000429  SysCtlClockGet          
20000200  __STACK_END             
00000200  __STACK_SIZE            
20000200  __STACK_TOP             
00000910  __TI_CINIT_Base         
00000918  __TI_CINIT_Limit        
00000908  __TI_Handler_Table_Base 
00000910  __TI_Handler_Table_Limit
00000651  __TI_auto_init          
20000208  __TI_cleanup_ptr        
00000869  __TI_decompress_none    
00000883  __TI_decompress_rle24   
2000020c  __TI_dtors_ptr          
00000000  __TI_static_base__      
000005d5  __aeabi_memclr          
000005d5  __aeabi_memclr4         
000005d5  __aeabi_memclr8         
00000539  __aeabi_memcpy          
00000539  __aeabi_memcpy4         
00000539  __aeabi_memcpy8         
000005d7  __aeabi_memset          
000005d7  __aeabi_memset4         
000005d7  __aeabi_memset8         
ffffffff  __binit__               
ffffffff  __c_args__              
20000000  __stack                 
0000082d  _args_main              
00000729  _c_int00                
20000200  _lock                   
00000853  _nop                    
0000084b  _register_lock          
00000845  _register_unlock        
00000889  _system_pre_init        
20000204  _unlock                 
000007c9  abort                   
ffffffff  binit                   
00000779  copy_in                 
000007d1  exit                    
00000000  g_pfnVectors            
0000026d  main                    
20000210  main_func_sp            
00000539  memcpy                  
000005dd  memset                  


GLOBAL SYMBOLS: SORTED BY Symbol Address 

address   name                    
-------   ----                    
00000000  __TI_static_base__      
00000000  g_pfnVectors            
00000200  __STACK_SIZE            
0000026d  main                    
00000429  SysCtlClockGet          
00000539  __aeabi_memcpy          
00000539  __aeabi_memcpy4         
00000539  __aeabi_memcpy8         
00000539  memcpy                  
000005d5  __aeabi_memclr          
000005d5  __aeabi_memclr4         
000005d5  __aeabi_memclr8         
000005d7  __aeabi_memset          
000005d7  __aeabi_memset4         
000005d7  __aeabi_memset8         
000005dd  memset                  
00000651  __TI_auto_init          
00000729  _c_int00                
00000779  copy_in                 
000007c5  C$$EXIT                 
000007c9  abort                   
000007d1  exit                    
00000809  PWMGenConfigure         
0000082d  _args_main              
00000845  _register_unlock        
0000084b  _register_lock          
00000853  _nop                    
00000859  PWMGenPeriodSet         
00000869  __TI_decompress_none    
00000877  ResetISR                
00000883  __TI_decompress_rle24   
00000889  _system_pre_init        
00000908  __TI_Handler_Table_Base 
00000910  __TI_CINIT_Base         
00000910  __TI_Handler_Table_Limit
00000918  __TI_CINIT_Limit        
20000000  __stack                 
20000200  __STACK_END             
20000200  __STACK_TOP             
20000200  _lock                   
20000204  _unlock                 
20000208  __TI_cleanup_ptr        
2000020c  __TI_dtors_ptr          
20000210  main_func_sp            
ffffffff  __binit__               
ffffffff  __c_args__              
ffffffff  binit                   
UNDEFED   SHT$$INIT_ARRAY$$Base   
UNDEFED   SHT$$INIT_ARRAY$$Limit  

[49 symbols]
