******************************************************************************
                  TI ARM Linker PC v5.2.7                      
******************************************************************************
>> Linked Sun Apr 03 18:02:49 2016

OUTPUT FILE NAME:   <TIVA_Template.out>
ENTRY POINT SYMBOL: "_c_int00"  address: 000006dd


MEMORY CONFIGURATION

         name            origin    length      used     unused   attr    fill
----------------------  --------  ---------  --------  --------  ----  --------
  FLASH                 00000000   00040000  000008c8  0003f738  R  X
  SRAM                  20000000   00008000  00000214  00007dec  RW X


SEGMENT ALLOCATION MAP

run origin  load origin   length   init length attrs members
----------  ----------- ---------- ----------- ----- -------
00000000    00000000    000008c8   000008c8    r-x
  00000000    00000000    0000026c   0000026c    r-- .intvecs
  0000026c    0000026c    0000063c   0000063c    r-x .text
  000008a8    000008a8    00000020   00000020    r-- .cinit
20000000    20000000    00000214   00000000    rw-
  20000000    20000000    00000200   00000000    rw- .stack
  20000200    20000200    00000014   00000000    rw- .data


SECTION ALLOCATION MAP

 output                                  attributes/
section   page    origin      length       input sections
--------  ----  ----------  ----------   ----------------
.intvecs   0    00000000    0000026c     
                  00000000    0000026c     tm4c123gh6pm_startup_ccs.obj (.intvecs)

.text      0    0000026c    0000063c     
                  0000026c    00000132     driverlib.lib : gpio.obj (.text:GPIOPadConfigSet)
                  0000039e    00000002     --HOLE-- [fill = 0]
                  000003a0    000000f4                   : sysctl.obj (.text:SysCtlClockSet)
                  00000494    0000009c     rtsv7M4_T_le_v4SPD16_eabi.lib : memcpy_t2.obj (.text)
                  00000530    0000007a                                   : memset_t2.obj (.text)
                  000005aa    00000002     --HOLE-- [fill = 0]
                  000005ac    0000006c                                   : autoinit.obj (.text)
                  00000618    0000006a                                   : copy_decompress_rle.obj (.text)
                  00000682    00000002     --HOLE-- [fill = 0]
                  00000684    00000058     main.obj (.text)
                  000006dc    00000050     rtsv7M4_T_le_v4SPD16_eabi.lib : boot.obj (.text)
                  0000072c    0000004c                                   : cpy_tbl.obj (.text)
                  00000778    00000044                                   : exit.obj (.text)
                  000007bc    00000034     driverlib.lib : sysctl.obj (.text:SysCtlPeripheralEnable)
                  000007f0    0000002a                   : gpio.obj (.text:GPIODirModeSet)
                  0000081a    00000018                   : gpio.obj (.text:GPIOPinTypeGPIOOutput)
                  00000832    00000002     --HOLE-- [fill = 0]
                  00000834    00000018     rtsv7M4_T_le_v4SPD16_eabi.lib : args_main.obj (.text)
                  0000084c    00000014                                   : _lock.obj (.text)
                  00000860    00000012     driverlib.lib : gpio.obj (.text:GPIOPinTypeGPIOInput)
                  00000872    0000000e     rtsv7M4_T_le_v4SPD16_eabi.lib : copy_decompress_none.obj (.text:decompress:none)
                  00000880    0000000c     tm4c123gh6pm_startup_ccs.obj (.text)
                  0000088c    00000006     driverlib.lib : gpio.obj (.text:GPIOPinRead)
                  00000892    00000006                   : gpio.obj (.text:GPIOPinWrite)
                  00000898    00000006                   : sysctl.obj (.text:SysCtlDelay)
                  0000089e    00000006     rtsv7M4_T_le_v4SPD16_eabi.lib : copy_decompress_rle.obj (.text:decompress:rle24)
                  000008a4    00000004                                   : pre_init.obj (.text)

.cinit     0    000008a8    00000020     
                  000008a8    0000000f     (.cinit..data.load) [load image, compression = rle]
                  000008b7    00000001     --HOLE-- [fill = 0]
                  000008b8    00000008     (__TI_handler_table)
                  000008c0    00000008     (__TI_cinit_table)

.init_array 
*          0    00000000    00000000     UNINITIALIZED

.stack     0    20000000    00000200     UNINITIALIZED
                  20000000    00000200     --HOLE--

.data      0    20000200    00000014     UNINITIALIZED
                  20000200    00000008     rtsv7M4_T_le_v4SPD16_eabi.lib : _lock.obj (.data)
                  20000208    00000008                                   : exit.obj (.data)
                  20000210    00000004                                   : stkdepth_vars.obj (.data)

.TI.persistent 
*          0    20000200    00000000     UNINITIALIZED


LINKER GENERATED COPY TABLES

__TI_cinit_table @ 000008c0 records: 1, size/record: 8, table size: 8
	.data: load addr=000008a8, load size=0000000f bytes, run addr=20000200, run size=00000014 bytes, compression=rle


LINKER GENERATED HANDLER TABLE

__TI_handler_table @ 000008b8 records: 2, size/record: 4, table size: 8
	index: 0, handler: __TI_decompress_rle24
	index: 1, handler: __TI_decompress_none


GLOBAL SYMBOLS: SORTED ALPHABETICALLY BY Name 

address   name                    
-------   ----                    
00000779  C$$EXIT                 
000007f1  GPIODirModeSet          
0000026d  GPIOPadConfigSet        
0000088d  GPIOPinRead             
00000861  GPIOPinTypeGPIOInput    
0000081b  GPIOPinTypeGPIOOutput   
00000893  GPIOPinWrite            
00000881  ResetISR                
UNDEFED   SHT$$INIT_ARRAY$$Base   
UNDEFED   SHT$$INIT_ARRAY$$Limit  
000003a1  SysCtlClockSet          
00000899  SysCtlDelay             
000007bd  SysCtlPeripheralEnable  
20000200  __STACK_END             
00000200  __STACK_SIZE            
20000200  __STACK_TOP             
000008c0  __TI_CINIT_Base         
000008c8  __TI_CINIT_Limit        
000008b8  __TI_Handler_Table_Base 
000008c0  __TI_Handler_Table_Limit
000005ad  __TI_auto_init          
20000208  __TI_cleanup_ptr        
00000873  __TI_decompress_none    
0000089f  __TI_decompress_rle24   
2000020c  __TI_dtors_ptr          
00000000  __TI_static_base__      
00000531  __aeabi_memclr          
00000531  __aeabi_memclr4         
00000531  __aeabi_memclr8         
00000495  __aeabi_memcpy          
00000495  __aeabi_memcpy4         
00000495  __aeabi_memcpy8         
00000533  __aeabi_memset          
00000533  __aeabi_memset4         
00000533  __aeabi_memset8         
ffffffff  __binit__               
ffffffff  __c_args__              
20000000  __stack                 
00000835  _args_main              
000006dd  _c_int00                
20000200  _lock                   
0000085b  _nop                    
00000853  _register_lock          
0000084d  _register_unlock        
000008a5  _system_pre_init        
20000204  _unlock                 
0000077d  abort                   
ffffffff  binit                   
0000072d  copy_in                 
00000785  exit                    
00000000  g_pfnVectors            
00000685  main                    
20000210  main_func_sp            
00000495  memcpy                  
00000539  memset                  


GLOBAL SYMBOLS: SORTED BY Symbol Address 

address   name                    
-------   ----                    
00000000  __TI_static_base__      
00000000  g_pfnVectors            
00000200  __STACK_SIZE            
0000026d  GPIOPadConfigSet        
000003a1  SysCtlClockSet          
00000495  __aeabi_memcpy          
00000495  __aeabi_memcpy4         
00000495  __aeabi_memcpy8         
00000495  memcpy                  
00000531  __aeabi_memclr          
00000531  __aeabi_memclr4         
00000531  __aeabi_memclr8         
00000533  __aeabi_memset          
00000533  __aeabi_memset4         
00000533  __aeabi_memset8         
00000539  memset                  
000005ad  __TI_auto_init          
00000685  main                    
000006dd  _c_int00                
0000072d  copy_in                 
00000779  C$$EXIT                 
0000077d  abort                   
00000785  exit                    
000007bd  SysCtlPeripheralEnable  
000007f1  GPIODirModeSet          
0000081b  GPIOPinTypeGPIOOutput   
00000835  _args_main              
0000084d  _register_unlock        
00000853  _register_lock          
0000085b  _nop                    
00000861  GPIOPinTypeGPIOInput    
00000873  __TI_decompress_none    
00000881  ResetISR                
0000088d  GPIOPinRead             
00000893  GPIOPinWrite            
00000899  SysCtlDelay             
0000089f  __TI_decompress_rle24   
000008a5  _system_pre_init        
000008b8  __TI_Handler_Table_Base 
000008c0  __TI_CINIT_Base         
000008c0  __TI_Handler_Table_Limit
000008c8  __TI_CINIT_Limit        
20000000  __stack                 
20000200  __STACK_END             
20000200  __STACK_TOP             
20000200  _lock                   
20000204  _unlock                 
20000208  __TI_cleanup_ptr        
2000020c  __TI_dtors_ptr          
20000210  main_func_sp            
ffffffff  __binit__               
ffffffff  __c_args__              
ffffffff  binit                   
UNDEFED   SHT$$INIT_ARRAY$$Base   
UNDEFED   SHT$$INIT_ARRAY$$Limit  

[55 symbols]
