******************************************************************************
                  TI ARM Linker PC v5.2.7                      
******************************************************************************
>> Linked Mon Apr 04 00:13:54 2016

OUTPUT FILE NAME:   <TIVA_Template.out>
ENTRY POINT SYMBOL: "_c_int00"  address: 000008a5


MEMORY CONFIGURATION

         name            origin    length      used     unused   attr    fill
----------------------  --------  ---------  --------  --------  ----  --------
  FLASH                 00000000   00040000  00000c7e  0003f382  R  X
  SRAM                  20000000   00008000  00000214  00007dec  RW X


SEGMENT ALLOCATION MAP

run origin  load origin   length   init length attrs members
----------  ----------- ---------- ----------- ----- -------
00000000    00000000    00000c80   00000c80    r-x
  00000000    00000000    0000026c   0000026c    r-- .intvecs
  0000026c    0000026c    000008f6   000008f6    r-x .text
  00000b64    00000b64    000000fc   000000fc    r-- .const
  00000c60    00000c60    00000020   00000020    r-- .cinit
20000000    20000000    00000214   00000000    rw-
  20000000    20000000    00000200   00000000    rw- .stack
  20000200    20000200    00000014   00000000    rw- .data


SECTION ALLOCATION MAP

 output                                  attributes/
section   page    origin      length       input sections
--------  ----  ----------  ----------   ----------------
.intvecs   0    00000000    0000026c     
                  00000000    0000026c     tm4c123gh6pm_startup_ccs.obj (.intvecs)

.text      0    0000026c    000008f6     
                  0000026c    00000132     driverlib.lib : gpio.obj (.text:GPIOPadConfigSet)
                  0000039e    00000002     --HOLE-- [fill = 0]
                  000003a0    00000110                   : sysctl.obj (.text:SysCtlClockGet)
                  000004b0    00000110     main.obj (.text)
                  000005c0    000000f4     driverlib.lib : sysctl.obj (.text:SysCtlClockSet)
                  000006b4    0000009c     rtsv7M4_T_le_v4SPD16_eabi.lib : memcpy_t2.obj (.text)
                  00000750    0000007a                                   : memset_t2.obj (.text)
                  000007ca    00000002     --HOLE-- [fill = 0]
                  000007cc    0000006c                                   : autoinit.obj (.text)
                  00000838    0000006a                                   : copy_decompress_rle.obj (.text)
                  000008a2    00000002     --HOLE-- [fill = 0]
                  000008a4    00000050                                   : boot.obj (.text)
                  000008f4    0000004c                                   : cpy_tbl.obj (.text)
                  00000940    00000048     driverlib.lib : gpio.obj (.text:GPIOPinConfigure)
                  00000988    00000046                   : uart.obj (.text:UARTConfigSetExpClk)
                  000009ce    00000002     --HOLE-- [fill = 0]
                  000009d0    00000044     rtsv7M4_T_le_v4SPD16_eabi.lib : exit.obj (.text)
                  00000a14    00000034     driverlib.lib : sysctl.obj (.text:SysCtlPeripheralEnable)
                  00000a48    0000002a                   : gpio.obj (.text:GPIODirModeSet)
                  00000a72    00000002     --HOLE-- [fill = 0]
                  00000a74    00000020                   : uart.obj (.text:UARTDisable)
                  00000a94    00000018     rtsv7M4_T_le_v4SPD16_eabi.lib : args_main.obj (.text)
                  00000aac    00000014     driverlib.lib : uart.obj (.text:UARTEnable)
                  00000ac0    00000014     rtsv7M4_T_le_v4SPD16_eabi.lib : _lock.obj (.text)
                  00000ad4    00000012     driverlib.lib : gpio.obj (.text:GPIOPinTypeUART)
                  00000ae6    0000000e                   : uart.obj (.text:UARTCharGetNonBlocking)
                  00000af4    0000000e                   : uart.obj (.text:UARTCharPutNonBlocking)
                  00000b02    0000000e                   : uart.obj (.text:UARTCharsAvail)
                  00000b10    0000000e     rtsv7M4_T_le_v4SPD16_eabi.lib : copy_decompress_none.obj (.text:decompress:none)
                  00000b1e    0000000c     tm4c123gh6pm_startup_ccs.obj (.text)
                  00000b2a    0000000a     driverlib.lib : uart.obj (.text:UARTCharGet)
                  00000b34    0000000a                   : uart.obj (.text:UARTCharPut)
                  00000b3e    0000000a                   : uart.obj (.text:UARTIntStatus)
                  00000b48    00000006                   : gpio.obj (.text:GPIOPinWrite)
                  00000b4e    00000006                   : sysctl.obj (.text:SysCtlDelay)
                  00000b54    00000006     rtsv7M4_T_le_v4SPD16_eabi.lib : copy_decompress_rle.obj (.text:decompress:rle24)
                  00000b5a    00000004     driverlib.lib : uart.obj (.text:UARTIntClear)
                  00000b5e    00000004     rtsv7M4_T_le_v4SPD16_eabi.lib : pre_init.obj (.text)

.const     0    00000b64    000000fc     
                  00000b64    00000090     driverlib.lib : gpio.obj (.const:g_pui32GPIOBaseAddrs)
                  00000bf4    0000006c                   : sysctl.obj (.const:g_pui32Xtals)

.cinit     0    00000c60    00000020     
                  00000c60    0000000f     (.cinit..data.load) [load image, compression = rle]
                  00000c6f    00000001     --HOLE-- [fill = 0]
                  00000c70    00000008     (__TI_handler_table)
                  00000c78    00000008     (__TI_cinit_table)

.init_array 
*          0    00000000    00000000     UNINITIALIZED

.stack     0    20000000    00000200     UNINITIALIZED
                  20000000    00000200     --HOLE--

.data      0    20000200    00000014     UNINITIALIZED
                  20000200    00000008     rtsv7M4_T_le_v4SPD16_eabi.lib : _lock.obj (.data)
                  20000208    00000008                                   : exit.obj (.data)
                  20000210    00000004                                   : stkdepth_vars.obj (.data)

.TI.persistent 
*          0    20000200    00000000     UNINITIALIZED


LINKER GENERATED COPY TABLES

__TI_cinit_table @ 00000c78 records: 1, size/record: 8, table size: 8
	.data: load addr=00000c60, load size=0000000f bytes, run addr=20000200, run size=00000014 bytes, compression=rle


LINKER GENERATED HANDLER TABLE

__TI_handler_table @ 00000c70 records: 2, size/record: 4, table size: 8
	index: 0, handler: __TI_decompress_rle24
	index: 1, handler: __TI_decompress_none


GLOBAL SYMBOLS: SORTED ALPHABETICALLY BY Name 

address   name                    
-------   ----                    
000009d1  C$$EXIT                 
00000a49  GPIODirModeSet          
0000026d  GPIOPadConfigSet        
00000941  GPIOPinConfigure        
00000ad5  GPIOPinTypeUART         
00000b49  GPIOPinWrite            
00000b1f  ResetISR                
UNDEFED   SHT$$INIT_ARRAY$$Base   
UNDEFED   SHT$$INIT_ARRAY$$Limit  
000003a1  SysCtlClockGet          
000005c1  SysCtlClockSet          
00000b4f  SysCtlDelay             
00000a15  SysCtlPeripheralEnable  
00000b2b  UARTCharGet             
00000ae7  UARTCharGetNonBlocking  
00000b35  UARTCharPut             
00000af5  UARTCharPutNonBlocking  
00000b03  UARTCharsAvail          
00000989  UARTConfigSetExpClk     
00000a75  UARTDisable             
00000aad  UARTEnable              
00000b5b  UARTIntClear            
00000559  UARTIntHandler          
00000b3f  UARTIntStatus           
20000200  __STACK_END             
00000200  __STACK_SIZE            
20000200  __STACK_TOP             
00000c78  __TI_CINIT_Base         
00000c80  __TI_CINIT_Limit        
00000c70  __TI_Handler_Table_Base 
00000c78  __TI_Handler_Table_Limit
000007cd  __TI_auto_init          
20000208  __TI_cleanup_ptr        
00000b11  __TI_decompress_none    
00000b55  __TI_decompress_rle24   
2000020c  __TI_dtors_ptr          
00000000  __TI_static_base__      
00000751  __aeabi_memclr          
00000751  __aeabi_memclr4         
00000751  __aeabi_memclr8         
000006b5  __aeabi_memcpy          
000006b5  __aeabi_memcpy4         
000006b5  __aeabi_memcpy8         
00000753  __aeabi_memset          
00000753  __aeabi_memset4         
00000753  __aeabi_memset8         
ffffffff  __binit__               
ffffffff  __c_args__              
20000000  __stack                 
00000a95  _args_main              
000008a5  _c_int00                
20000200  _lock                   
00000acf  _nop                    
00000ac7  _register_lock          
00000ac1  _register_unlock        
00000b5f  _system_pre_init        
20000204  _unlock                 
000009d5  abort                   
ffffffff  binit                   
000008f5  copy_in                 
000009dd  exit                    
00000000  g_pfnVectors            
000004b1  main                    
20000210  main_func_sp            
000006b5  memcpy                  
00000759  memset                  


GLOBAL SYMBOLS: SORTED BY Symbol Address 

address   name                    
-------   ----                    
00000000  __TI_static_base__      
00000000  g_pfnVectors            
00000200  __STACK_SIZE            
0000026d  GPIOPadConfigSet        
000003a1  SysCtlClockGet          
000004b1  main                    
00000559  UARTIntHandler          
000005c1  SysCtlClockSet          
000006b5  __aeabi_memcpy          
000006b5  __aeabi_memcpy4         
000006b5  __aeabi_memcpy8         
000006b5  memcpy                  
00000751  __aeabi_memclr          
00000751  __aeabi_memclr4         
00000751  __aeabi_memclr8         
00000753  __aeabi_memset          
00000753  __aeabi_memset4         
00000753  __aeabi_memset8         
00000759  memset                  
000007cd  __TI_auto_init          
000008a5  _c_int00                
000008f5  copy_in                 
00000941  GPIOPinConfigure        
00000989  UARTConfigSetExpClk     
000009d1  C$$EXIT                 
000009d5  abort                   
000009dd  exit                    
00000a15  SysCtlPeripheralEnable  
00000a49  GPIODirModeSet          
00000a75  UARTDisable             
00000a95  _args_main              
00000aad  UARTEnable              
00000ac1  _register_unlock        
00000ac7  _register_lock          
00000acf  _nop                    
00000ad5  GPIOPinTypeUART         
00000ae7  UARTCharGetNonBlocking  
00000af5  UARTCharPutNonBlocking  
00000b03  UARTCharsAvail          
00000b11  __TI_decompress_none    
00000b1f  ResetISR                
00000b2b  UARTCharGet             
00000b35  UARTCharPut             
00000b3f  UARTIntStatus           
00000b49  GPIOPinWrite            
00000b4f  SysCtlDelay             
00000b55  __TI_decompress_rle24   
00000b5b  UARTIntClear            
00000b5f  _system_pre_init        
00000c70  __TI_Handler_Table_Base 
00000c78  __TI_CINIT_Base         
00000c78  __TI_Handler_Table_Limit
00000c80  __TI_CINIT_Limit        
20000000  __stack                 
20000200  __STACK_END             
20000200  __STACK_TOP             
20000200  _lock                   
20000204  _unlock                 
20000208  __TI_cleanup_ptr        
2000020c  __TI_dtors_ptr          
20000210  main_func_sp            
ffffffff  __binit__               
ffffffff  __c_args__              
ffffffff  binit                   
UNDEFED   SHT$$INIT_ARRAY$$Base   
UNDEFED   SHT$$INIT_ARRAY$$Limit  

[66 symbols]
